<html>
<body>
<pre>
<h1>µVision Build Log</h1>
<h2>Project:</h2>
C:\progs\sem5\evm\lab1\Example1\example1.uvproj
Project File Date:  07/18/2014

<h2>Output:</h2>
Rebuild target 'Target 1'
assembling LPC2300.s...
compiling main.c...
main.c(24): warning:  #177-D: variable "n" was declared but never referenced
linking...
Program Size: Code=812 RO-data=0 RW-data=0 ZI-data=1384  
".\example1.axf" - 0 Errors, 1 Warning(s).
Rebuild target 'Target 1'
assembling LPC2300.s...
compiling main.c...
linking...
Program Size: Code=812 RO-data=0 RW-data=0 ZI-data=1384  
".\example1.axf" - 0 Errors, 0 Warning(s).
